=== poly9 ===
Corners: [0, 2, 5, 6, 11, 12, 13, 17, 18, 19, 24, 27, 29, 30, 31, 34, 35]
KER coverage computed in 0.29s
Total: 17 corners — [0, 2, 5, 6, 11, 12, 13, 17, 18, 19, 24, 27, 29, 30, 31, 34, 35]
[INFO] ILP cover: 7/1477 candidates (13 after domination pre-processing).
Set cover solved in 0.007s (7 guards selected)
  0%|          | 0/5 [00:00<?, ?it/s]100%|██████████| 5/5 [00:00<00:00, 503.88it/s]
[INFO] Geodesic graph built.
[OK] Coverage sanity check passed: guard set covers 100.0000% of the environment (uncovered area 0.0000 sq units).
[CACHE] Saved.
[SKEL] Building Voronoi skeleton…
[SKEL] 419 nodes, 408 edges
[GROUPS] affinity loaded from cache.
[GROUPS] using stored ilp partition for k=1.
[GROUPS] affinity loaded from cache.
[GROUPS] using stored ilp partition for k=2.
[GROUPS] affinity loaded from cache.
[GROUPS] using stored ilp partition for k=3.
  k=1 partition: [[0, 2, 5, 6, 11, 12, 13, 17, 18, 19, 24, 27, 29, 30, 31, 34, 35]]
  k=2 partition: [[0, 2, 5, 11, 12, 13, 17, 30, 31], [6, 18, 19, 24, 27, 29, 34, 35]]
  k=3 partition: [[0, 2, 5, 11, 17], [6, 12, 13, 18, 30, 31, 34, 35], [19, 24, 27, 29]]
  corner standoff for sampled configurations: 2.1 units
  oracle k=1 m=1: s*=1.468  p95=1.247  mean=0.873  (50 configs, 7s)
  oracle k=2 m=1: s*=1.145  p95=1.048  mean=0.735  (50 configs, 15s)
  oracle k=3 m=1: s*=0.911  p95=0.839  mean=0.633  (50 configs, 24s)
  trials 10/150 (122s)
  trials 20/150 (149s)
  trials 30/150 (228s)
  trials 40/150 (300s)
  trials 50/150 (340s)
  trials 60/150 (447s)
  trials 70/150 (480s)
  trials 80/150 (578s)
  trials 90/150 (646s)
  trials 100/150 (702s)
  trials 110/150 (786s)
  trials 120/150 (856s)
  trials 130/150 (929s)
  trials 140/150 (1018s)
  trials 150/150 (1038s)

Polygon   k  m  s*_(k,m)     p95    mean
------------------------------------------
poly9     1  1     1.468   1.247   0.873
poly9     2  1     1.145   1.048   0.735
poly9     3  1     0.911   0.839   0.633

Polygon   k  m        mean α         α_max       %in view    N_breach    N_escape
----------------------------------------------------------------------------------
poly9     1  1     1.71±0.72     3.71±2.46   78.05±19.11%   0.00±0.00   1.14±0.97
poly9     2  1     1.35±0.75     2.75±2.35   89.14±12.97%   0.00±0.00   0.72±0.83
poly9     3  1     0.94±0.47     1.67±1.34   94.82±11.26%   0.00±0.00   0.34±0.72

oracle: worst / p95 / mean team alpha over 50 sampled m-evader configurations (corner standoff as printed), L_c = min over evaders; trials: 50 seeds x 600 frames, s_p=0.6, s_e=1.0, skeleton evaders.

[SAVED] /app/benchmark_results/20261004_113012_multi_evader.txt / .json
