=== poly9 ===
Corners: [0, 2, 5, 6, 11, 12, 13, 17, 18, 19, 24, 27, 29, 30, 31, 34, 35]
KER coverage computed in 0.30s
Total: 17 corners — [0, 2, 5, 6, 11, 12, 13, 17, 18, 19, 24, 27, 29, 30, 31, 34, 35]
[INFO] ILP cover: 7/1477 candidates (13 after domination pre-processing).
Set cover solved in 0.009s (7 guards selected)
  0%|          | 0/5 [00:00<?, ?it/s]100%|██████████| 5/5 [00:00<00:00, 494.84it/s]
[INFO] Geodesic graph built.
[OK] Coverage sanity check passed: guard set covers 100.0000% of the environment (uncovered area 0.0000 sq units).
[CACHE] Saved.
[SKEL] Building Voronoi skeleton…
[SKEL] 419 nodes, 408 edges
[GROUPS] affinity loaded from cache.
[GROUPS] using stored ilp partition for k=1.
[GROUPS] affinity loaded from cache.
[GROUPS] using stored ilp partition for k=2.
[GROUPS] affinity loaded from cache.
[GROUPS] using stored ilp partition for k=3.
  k=1 partition: [[0, 2, 5, 6, 11, 12, 13, 17, 18, 19, 24, 27, 29, 30, 31, 34, 35]]
  k=2 partition: [[0, 2, 5, 11, 12, 13, 17, 30, 31], [6, 18, 19, 24, 27, 29, 34, 35]]
  k=3 partition: [[0, 2, 5, 11, 17], [6, 12, 13, 18, 30, 31, 34, 35], [19, 24, 27, 29]]
  corner standoff for sampled configurations: 2.1 units
  oracle k=1 m=1: s*=1.468  p95=1.247  mean=0.873  (50 configs, 7s)
  oracle k=2 m=1: s*=1.145  p95=1.048  mean=0.735  (50 configs, 16s)
  oracle k=3 m=1: s*=0.911  p95=0.839  mean=0.633  (50 configs, 25s)
  trials 10/150 (126s)
  trials 20/150 (150s)
  trials 30/150 (237s)
  trials 40/150 (300s)
  trials 50/150 (343s)
  trials 60/150 (454s)
  trials 70/150 (481s)
  trials 80/150 (561s)
  trials 90/150 (641s)
  trials 100/150 (684s)
  trials 110/150 (794s)
  trials 120/150 (845s)
  trials 130/150 (927s)
  trials 140/150 (1009s)
  trials 150/150 (1030s)

Polygon   k  m  s*_(k,m)     p95    mean
------------------------------------------
poly9     1  1     1.468   1.247   0.873
poly9     2  1     1.145   1.048   0.735
poly9     3  1     0.911   0.839   0.633

Polygon   k  m        mean α         α_max       %in view    N_breach    N_escape
----------------------------------------------------------------------------------
poly9     1  1     1.26±0.48     2.95±2.98   88.44±15.10%   0.00±0.00   0.74±1.01
poly9     2  1     1.17±0.44     2.49±1.89   91.73±13.72%   0.00±0.00   0.62±0.90
poly9     3  1     0.77±0.20     1.20±0.69   95.04±10.34%   0.00±0.00   0.34±0.72

oracle: worst / p95 / mean team alpha over 50 sampled m-evader configurations (corner standoff as printed), L_c = min over evaders; trials: 50 seeds x 600 frames, s_p=1.2, s_e=1.0, skeleton evaders.

[SAVED] /app/benchmark_results/20261004_122323_multi_evader.txt / .json
