=== poly9 (22 workers) ===
Corners: [0, 2, 5, 6, 11, 12, 13, 17, 18, 19, 24, 27, 29, 30, 31, 34, 35]
KER coverage computed in 0.32s
Total: 17 corners — [0, 2, 5, 6, 11, 12, 13, 17, 18, 19, 24, 27, 29, 30, 31, 34, 35]
[INFO] ILP cover: 7/1477 candidates (13 after domination pre-processing).
Set cover solved in 0.008s (7 guards selected)
  0%|          | 0/5 [00:00<?, ?it/s]100%|██████████| 5/5 [00:00<00:00, 473.59it/s]
[INFO] Geodesic graph built.
[OK] Coverage sanity check passed: guard set covers 100.0000% of the environment (uncovered area 0.0000 sq units).
[CACHE] Saved.
[SKEL] Building Voronoi skeleton…
[SKEL] 419 nodes, 408 edges
  [poly9 | minmax-alpha | escaping] 25/50 trials  (329s elapsed, ~329s remaining, 22 workers)
  [poly9 | minmax-alpha | escaping] 50/50 trials  (449s elapsed, ~0s remaining, 22 workers)
  [poly9 | minmax-alpha-vis | escaping] 25/50 trials  (331s elapsed, ~331s remaining, 22 workers)
  [poly9 | minmax-alpha-vis | escaping] 50/50 trials  (450s elapsed, ~0s remaining, 22 workers)
  [poly9 | geo-follow | escaping] 25/50 trials  (57s elapsed, ~57s remaining, 22 workers)
  [poly9 | geo-follow | escaping] 50/50 trials  (96s elapsed, ~0s remaining, 22 workers)
  [poly9 | greedy-los | escaping] 25/50 trials  (43s elapsed, ~43s remaining, 22 workers)
  [poly9 | greedy-los | escaping] 50/50 trials  (64s elapsed, ~0s remaining, 22 workers)

Environment  Strategy                     Evader                          ᾱ        α_max         %LOS   N_breach   N_escape
---------------------------------------------------------------------------------------------------------------------------
poly9        Min-Max α-Guard (Proposed)   Escaping Evader      103671.48±298195.27 16869805.29±37608170.63 73.00±20.24%     3.2±1.2     1.1±0.8
poly9        Min-Max +Vis Slack (Proposed) Escaping Evader      109150.96±298822.86 20118993.72±42902599.62 76.26±17.37%     3.2±1.4     1.1±0.8
poly9        Geo-Follow                   Escaping Evader      131873.16±202283.05 51318657.43±78967781.03 80.43±16.46%     2.9±1.0     1.1±0.8
poly9        Greedy-LOS                   Escaping Evader      159788.17±213466.42 65477240.69±87659597.62 80.83±16.20%     2.9±1.1     1.1±0.8

[SAVED] /app/benchmark_results/20261004_232227_table.txt
[SAVED] /app/benchmark_results/20261004_232227_raw.csv
