=== sp=0.6 ===
=== poly9 (22 workers) ===
Corners: [0, 2, 5, 6, 11, 12, 13, 17, 18, 19, 24, 27, 29, 30, 31, 34, 35]
KER coverage computed in 0.29s
Total: 17 corners — [0, 2, 5, 6, 11, 12, 13, 17, 18, 19, 24, 27, 29, 30, 31, 34, 35]
[INFO] ILP cover: 7/1477 candidates (13 after domination pre-processing).
Set cover solved in 0.008s (7 guards selected)
  0%|          | 0/5 [00:00<?, ?it/s]100%|██████████| 5/5 [00:00<00:00, 504.28it/s]
[INFO] Geodesic graph built.
[OK] Coverage sanity check passed: guard set covers 100.0000% of the environment (uncovered area 0.0000 sq units).
[CACHE] Saved.
[SKEL] Building Voronoi skeleton…
[SKEL] 419 nodes, 408 edges
  [poly9 | minmax-alpha | escaping] 25/50 trials  (219s elapsed, ~219s remaining, 22 workers)
  [poly9 | minmax-alpha | escaping] 50/50 trials  (350s elapsed, ~0s remaining, 22 workers)
  [poly9 | minmax-alpha-vis | escaping] 25/50 trials  (217s elapsed, ~217s remaining, 22 workers)
  [poly9 | minmax-alpha-vis | escaping] 50/50 trials  (338s elapsed, ~0s remaining, 22 workers)
  [poly9 | geo-follow | escaping] 25/50 trials  (51s elapsed, ~51s remaining, 22 workers)
  [poly9 | geo-follow | escaping] 50/50 trials  (120s elapsed, ~0s remaining, 22 workers)
  [poly9 | greedy-los | escaping] 25/50 trials  (37s elapsed, ~37s remaining, 22 workers)
  [poly9 | greedy-los | escaping] 50/50 trials  (79s elapsed, ~0s remaining, 22 workers)

Environment  Strategy                     Evader                          ᾱ        α_max         %LOS   N_breach   N_escape
---------------------------------------------------------------------------------------------------------------------------
poly9        Min-Max α-Guard (Proposed)   Escaping Evader      1313043.80±4820931.26 66951629.59±122567232.20 53.12±27.40%     3.4±1.3     1.3±0.7
poly9        Min-Max +Vis Slack (Proposed) Escaping Evader      1365165.65±5078807.89 67955690.12±124285985.81 52.82±27.91%     3.4±1.3     1.3±0.7
poly9        Geo-Follow                   Escaping Evader      409281.27±2123276.03 63101208.76±105193651.28 58.20±26.76%     3.2±0.8     1.2±0.7
poly9        Greedy-LOS                   Escaping Evader      417927.28±2122481.65 68288918.21±109569498.56 59.62±27.09%     3.2±0.8     1.1±0.7

[SAVED] /app/benchmark_results/20261004_212219_table.txt
[SAVED] /app/benchmark_results/20261004_212219_raw.csv
=== sp=0.8 ===
=== poly9 (22 workers) ===
  0%|          | 0/5 [00:00<?, ?it/s]Corners: [0, 2, 5, 6, 11, 12, 13, 17, 18, 19, 24, 27, 29, 30, 31, 34, 35]
KER coverage computed in 0.30s
Total: 17 corners — [0, 2, 5, 6, 11, 12, 13, 17, 18, 19, 24, 27, 29, 30, 31, 34, 35]
[INFO] ILP cover: 7/1477 candidates (13 after domination pre-processing).
Set cover solved in 0.008s (7 guards selected)
100%|██████████| 5/5 [00:00<00:00, 496.38it/s]
[INFO] Geodesic graph built.
[OK] Coverage sanity check passed: guard set covers 100.0000% of the environment (uncovered area 0.0000 sq units).
[CACHE] Saved.
[SKEL] Building Voronoi skeleton…
[SKEL] 419 nodes, 408 edges
  [poly9 | minmax-alpha | escaping] 25/50 trials  (231s elapsed, ~231s remaining, 22 workers)
  [poly9 | minmax-alpha | escaping] 50/50 trials  (345s elapsed, ~0s remaining, 22 workers)
  [poly9 | minmax-alpha-vis | escaping] 25/50 trials  (275s elapsed, ~275s remaining, 22 workers)
  [poly9 | minmax-alpha-vis | escaping] 50/50 trials  (405s elapsed, ~0s remaining, 22 workers)
  [poly9 | geo-follow | escaping] 25/50 trials  (56s elapsed, ~56s remaining, 22 workers)
  [poly9 | geo-follow | escaping] 50/50 trials  (127s elapsed, ~0s remaining, 22 workers)
  [poly9 | greedy-los | escaping] 25/50 trials  (46s elapsed, ~46s remaining, 22 workers)
  [poly9 | greedy-los | escaping] 50/50 trials  (93s elapsed, ~0s remaining, 22 workers)

Environment  Strategy                     Evader                          ᾱ        α_max         %LOS   N_breach   N_escape
---------------------------------------------------------------------------------------------------------------------------
poly9        Min-Max α-Guard (Proposed)   Escaping Evader      1050010.89±3914007.95 59853913.01±109994287.25 55.45±26.11%     3.8±0.9     1.4±0.7
poly9        Min-Max +Vis Slack (Proposed) Escaping Evader      1102210.29±4358829.39 62660657.19±115462398.51 55.76±25.56%     3.8±0.9     1.3±0.7
poly9        Geo-Follow                   Escaping Evader      543408.05±3054427.07 65236640.54±108126032.85 64.58±22.88%     3.3±0.9     1.2±0.8
poly9        Greedy-LOS                   Escaping Evader      593231.32±3059852.99 71296719.62±111703833.97 67.93±23.36%     3.3±1.0     1.1±0.8

[SAVED] /app/benchmark_results/20261004_213831_table.txt
[SAVED] /app/benchmark_results/20261004_213831_raw.csv
=== sp=1.0 ===
=== poly9 (22 workers) ===
Corners: [0, 2, 5, 6, 11, 12, 13, 17, 18, 19, 24, 27, 29, 30, 31, 34, 35]
KER coverage computed in 0.31s
Total: 17 corners — [0, 2, 5, 6, 11, 12, 13, 17, 18, 19, 24, 27, 29, 30, 31, 34, 35]
[INFO] ILP cover: 7/1477 candidates (13 after domination pre-processing).
Set cover solved in 0.007s (7 guards selected)
  0%|          | 0/5 [00:00<?, ?it/s]100%|██████████| 5/5 [00:00<00:00, 479.58it/s]
[INFO] Geodesic graph built.
[OK] Coverage sanity check passed: guard set covers 100.0000% of the environment (uncovered area 0.0000 sq units).
[CACHE] Saved.
[SKEL] Building Voronoi skeleton…
[SKEL] 419 nodes, 408 edges
  [poly9 | minmax-alpha | escaping] 25/50 trials  (329s elapsed, ~329s remaining, 22 workers)
  [poly9 | minmax-alpha | escaping] 50/50 trials  (452s elapsed, ~0s remaining, 22 workers)
  [poly9 | minmax-alpha-vis | escaping] 25/50 trials  (200s elapsed, ~200s remaining, 22 workers)
  [poly9 | minmax-alpha-vis | escaping] 50/50 trials  (343s elapsed, ~0s remaining, 22 workers)
  [poly9 | geo-follow | escaping] 25/50 trials  (54s elapsed, ~54s remaining, 22 workers)
  [poly9 | geo-follow | escaping] 50/50 trials  (80s elapsed, ~0s remaining, 22 workers)
  [poly9 | greedy-los | escaping] 25/50 trials  (32s elapsed, ~32s remaining, 22 workers)
  [poly9 | greedy-los | escaping] 50/50 trials  (56s elapsed, ~0s remaining, 22 workers)

Environment  Strategy                     Evader                          ᾱ        α_max         %LOS   N_breach   N_escape
---------------------------------------------------------------------------------------------------------------------------
poly9        Min-Max α-Guard (Proposed)   Escaping Evader      76505.58±196542.08 32273472.74±67572830.23 64.97±21.64%     3.7±0.9     1.4±0.8
poly9        Min-Max +Vis Slack (Proposed) Escaping Evader      548312.65±2741003.85 41353153.33±82005391.84 65.98±21.71%     3.7±1.0     1.3±0.7
poly9        Geo-Follow                   Escaping Evader      100425.52±148386.41 57805854.75±85421313.42 77.52±21.06%     3.1±1.1     1.1±0.9
poly9        Greedy-LOS                   Escaping Evader      105716.22±150998.31 60968991.96±86635364.06 79.67±20.20%     3.2±1.2     1.0±0.9

[SAVED] /app/benchmark_results/20261004_215404_table.txt
[SAVED] /app/benchmark_results/20261004_215404_raw.csv
=== sp=1.2 ===
=== poly9 (22 workers) ===
Corners: [0, 2, 5, 6, 11, 12, 13, 17, 18, 19, 24, 27, 29, 30, 31, 34, 35]
KER coverage computed in 0.30s
Total: 17 corners — [0, 2, 5, 6, 11, 12, 13, 17, 18, 19, 24, 27, 29, 30, 31, 34, 35]
[INFO] ILP cover: 7/1477 candidates (13 after domination pre-processing).
Set cover solved in 0.009s (7 guards selected)
  0%|          | 0/5 [00:00<?, ?it/s]100%|██████████| 5/5 [00:00<00:00, 513.61it/s]
[INFO] Geodesic graph built.
[OK] Coverage sanity check passed: guard set covers 100.0000% of the environment (uncovered area 0.0000 sq units).
[CACHE] Saved.
[SKEL] Building Voronoi skeleton…
[SKEL] 419 nodes, 408 edges
multiprocessing.pool.RemoteTraceback: 
"""
Traceback (most recent call last):
  File "/usr/local/lib/python3.11/multiprocessing/pool.py", line 125, in worker
    result = (True, func(*args, **kwds))
                    ^^^^^^^^^^^^^^^^^^^
  File "/app/benchmark/harness.py", line 150, in _run_one_seed
    return seed, run_trial(_worker_data, seed=seed, strategy=strategy,
                 ^^^^^^^^^^^^^^^^^^^^^^^^^^^^^^^^^^^^^^^^^^^^^^^^^^^^^
  File "/app/benchmark/harness.py", line 95, in run_trial
    path_lengths = compute_path_lengths(ex, ey, data)
                   ^^^^^^^^^^^^^^^^^^^^^^^^^^^^^^^^^^
  File "/app/ker_pipeline.py", line 762, in compute_path_lengths
    sp = data.geodesic.shortest_path(pt_a, pt_b)
         ^^^^^^^^^^^^^^^^^^^^^^^^^^^^^^^^^^^^^^^
  File "/app/graph.py", line 76, in shortest_path
    sp = self.graph.shortest_path(vg.Point(a[0], a[1]), vg.Point(b[0], b[1]))
         ^^^^^^^^^^^^^^^^^^^^^^^^^^^^^^^^^^^^^^^^^^^^^^^^^^^^^^^^^^^^^^^^^^^^
  File "/usr/local/lib/python3.11/site-packages/pyvisgraph/vis_graph.py", line 125, in shortest_path
    for v in visible_vertices(origin, self.graph, destination=dest):
             ^^^^^^^^^^^^^^^^^^^^^^^^^^^^^^^^^^^^^^^^^^^^^^^^^^^^^^
  File "/usr/local/lib/python3.11/site-packages/pyvisgraph/visible_vertices.py", line 110, in visible_vertices
    insort(open_edges, k)
  File "/usr/local/lib/python3.11/site-packages/pyvisgraph/visible_vertices.py", line 346, in insort
    if x < a[mid]: hi = mid
       ^^^^^^^^^^
  File "/usr/local/lib/python3.11/site-packages/pyvisgraph/visible_vertices.py", line 389, in __lt__
    aot = angle2(self.p1, self.p2, other.edge.get_adjacent(same_point))
          ^^^^^^^^^^^^^^^^^^^^^^^^^^^^^^^^^^^^^^^^^^^^^^^^^^^^^^^^^^^^^
  File "/usr/local/lib/python3.11/site-packages/pyvisgraph/visible_vertices.py", line 292, in angle2
    return acos(int(cos_value*T)/T2)
           ^^^^^^^^^^^^^^^^^^^^^^^^^
ValueError: math domain error
"""

The above exception was the direct cause of the following exception:

Traceback (most recent call last):
  File "/app/run_benchmark.py", line 82, in <module>
    main()
  File "/app/run_benchmark.py", line 69, in main
    results.append(run_config_parallel(
                   ^^^^^^^^^^^^^^^^^^^^
  File "/app/benchmark/harness.py", line 179, in run_config_parallel
    for seed, metrics in pool.imap_unordered(_run_one_seed, jobs):
  File "/usr/local/lib/python3.11/multiprocessing/pool.py", line 873, in next
    raise value
ValueError: math domain error
=== sp=1.4 ===
=== poly9 (22 workers) ===
  0%|          | 0/5 [00:00<?, ?it/s]Corners: [0, 2, 5, 6, 11, 12, 13, 17, 18, 19, 24, 27, 29, 30, 31, 34, 35]
KER coverage computed in 0.30s
Total: 17 corners — [0, 2, 5, 6, 11, 12, 13, 17, 18, 19, 24, 27, 29, 30, 31, 34, 35]
[INFO] ILP cover: 7/1477 candidates (13 after domination pre-processing).
Set cover solved in 0.009s (7 guards selected)
100%|██████████| 5/5 [00:00<00:00, 506.97it/s]
[INFO] Geodesic graph built.
[OK] Coverage sanity check passed: guard set covers 100.0000% of the environment (uncovered area 0.0000 sq units).
[CACHE] Saved.
[SKEL] Building Voronoi skeleton…
[SKEL] 419 nodes, 408 edges
  [poly9 | minmax-alpha | escaping] 25/50 trials  (207s elapsed, ~207s remaining, 22 workers)
  [poly9 | minmax-alpha | escaping] 50/50 trials  (316s elapsed, ~0s remaining, 22 workers)
  [poly9 | minmax-alpha-vis | escaping] 25/50 trials  (294s elapsed, ~294s remaining, 22 workers)
  [poly9 | minmax-alpha-vis | escaping] 50/50 trials  (417s elapsed, ~0s remaining, 22 workers)
  [poly9 | geo-follow | escaping] 25/50 trials  (63s elapsed, ~63s remaining, 22 workers)
  [poly9 | geo-follow | escaping] 50/50 trials  (91s elapsed, ~0s remaining, 22 workers)
  [poly9 | greedy-los | escaping] 25/50 trials  (43s elapsed, ~43s remaining, 22 workers)
  [poly9 | greedy-los | escaping] 50/50 trials  (62s elapsed, ~0s remaining, 22 workers)

Environment  Strategy                     Evader                          ᾱ        α_max         %LOS   N_breach   N_escape
---------------------------------------------------------------------------------------------------------------------------
poly9        Min-Max α-Guard (Proposed)   Escaping Evader      615312.64±1194388.04 21651534.06±32556026.09 85.05±16.71%     3.2±1.3     1.0±1.0
poly9        Min-Max +Vis Slack (Proposed) Escaping Evader      602777.41±1135953.28 25319590.68±41516302.08 87.65±14.65%     3.0±1.4     0.7±0.8
poly9        Geo-Follow                   Escaping Evader      182118.75±318048.24 56654299.33±79656134.00 82.59±13.46%     2.8±0.8     1.2±0.8
poly9        Greedy-LOS                   Escaping Evader      242977.10±375733.94 74986866.56±88403978.63 83.24±13.37%     3.0±1.0     1.1±0.8

[SAVED] /app/benchmark_results/20261004_221158_table.txt
[SAVED] /app/benchmark_results/20261004_221158_raw.csv
=== sp=1.6 ===
=== poly9 (22 workers) ===
Corners: [0, 2, 5, 6, 11, 12, 13, 17, 18, 19, 24, 27, 29, 30, 31, 34, 35]
KER coverage computed in 0.31s
Total: 17 corners — [0, 2, 5, 6, 11, 12, 13, 17, 18, 19, 24, 27, 29, 30, 31, 34, 35]
[INFO] ILP cover: 7/1477 candidates (13 after domination pre-processing).
Set cover solved in 0.008s (7 guards selected)
  0%|          | 0/5 [00:00<?, ?it/s]100%|██████████| 5/5 [00:00<00:00, 482.93it/s]
[INFO] Geodesic graph built.
[OK] Coverage sanity check passed: guard set covers 100.0000% of the environment (uncovered area 0.0000 sq units).
[CACHE] Saved.
[SKEL] Building Voronoi skeleton…
[SKEL] 419 nodes, 408 edges
  [poly9 | minmax-alpha | escaping] 25/50 trials  (247s elapsed, ~247s remaining, 22 workers)
  [poly9 | minmax-alpha | escaping] 50/50 trials  (373s elapsed, ~0s remaining, 22 workers)
  [poly9 | minmax-alpha-vis | escaping] 25/50 trials  (319s elapsed, ~319s remaining, 22 workers)
  [poly9 | minmax-alpha-vis | escaping] 50/50 trials  (429s elapsed, ~0s remaining, 22 workers)
  [poly9 | geo-follow | escaping] 25/50 trials  (47s elapsed, ~47s remaining, 22 workers)
  [poly9 | geo-follow | escaping] 50/50 trials  (75s elapsed, ~0s remaining, 22 workers)
  [poly9 | greedy-los | escaping] 25/50 trials  (40s elapsed, ~40s remaining, 22 workers)
  [poly9 | greedy-los | escaping] 50/50 trials  (58s elapsed, ~0s remaining, 22 workers)

Environment  Strategy                     Evader                          ᾱ        α_max         %LOS   N_breach   N_escape
---------------------------------------------------------------------------------------------------------------------------
poly9        Min-Max α-Guard (Proposed)   Escaping Evader      683145.82±1117505.04 27466901.03±33307089.34 82.11±25.65%     3.0±1.5     0.8±1.0
poly9        Min-Max +Vis Slack (Proposed) Escaping Evader      650534.28±1078174.88 26290500.22±31899506.40 88.62±17.13%     3.0±1.5     0.6±0.8
poly9        Geo-Follow                   Escaping Evader      246630.19±786500.57 63505298.28±86333546.41 86.11±13.39%     2.7±1.0     0.9±0.8
poly9        Greedy-LOS                   Escaping Evader      286470.73±803987.08 68804754.22±88033506.29 87.15±13.84%     2.9±1.2     0.8±0.8

[SAVED] /app/benchmark_results/20261004_222735_table.txt
[SAVED] /app/benchmark_results/20261004_222735_raw.csv
=== sp=1.8 ===
=== poly9 (22 workers) ===
Corners: [0, 2, 5, 6, 11, 12, 13, 17, 18, 19, 24, 27, 29, 30, 31, 34, 35]
KER coverage computed in 0.31s
Total: 17 corners — [0, 2, 5, 6, 11, 12, 13, 17, 18, 19, 24, 27, 29, 30, 31, 34, 35]
[INFO] ILP cover: 7/1477 candidates (13 after domination pre-processing).
Set cover solved in 0.007s (7 guards selected)
  0%|          | 0/5 [00:00<?, ?it/s]100%|██████████| 5/5 [00:00<00:00, 471.61it/s]
[INFO] Geodesic graph built.
[OK] Coverage sanity check passed: guard set covers 100.0000% of the environment (uncovered area 0.0000 sq units).
[CACHE] Saved.
[SKEL] Building Voronoi skeleton…
[SKEL] 419 nodes, 408 edges
  [poly9 | minmax-alpha | escaping] 25/50 trials  (333s elapsed, ~333s remaining, 22 workers)
  [poly9 | minmax-alpha | escaping] 50/50 trials  (452s elapsed, ~0s remaining, 22 workers)
  [poly9 | minmax-alpha-vis | escaping] 25/50 trials  (317s elapsed, ~317s remaining, 22 workers)
  [poly9 | minmax-alpha-vis | escaping] 50/50 trials  (453s elapsed, ~0s remaining, 22 workers)
  [poly9 | geo-follow | escaping] 25/50 trials  (59s elapsed, ~59s remaining, 22 workers)
  [poly9 | geo-follow | escaping] 50/50 trials  (100s elapsed, ~0s remaining, 22 workers)
  [poly9 | greedy-los | escaping] 25/50 trials  (42s elapsed, ~42s remaining, 22 workers)
  [poly9 | greedy-los | escaping] 50/50 trials  (67s elapsed, ~0s remaining, 22 workers)

Environment  Strategy                     Evader                          ᾱ        α_max         %LOS   N_breach   N_escape
---------------------------------------------------------------------------------------------------------------------------
poly9        Min-Max α-Guard (Proposed)   Escaping Evader      442156.78±884047.74 20840472.18±30630668.74 87.82±16.82%     2.8±1.4     0.7±0.8
poly9        Min-Max +Vis Slack (Proposed) Escaping Evader      452161.05±886029.66 19417022.13±27976217.19 91.04±13.88%     2.7±1.5     0.6±0.8
poly9        Geo-Follow                   Escaping Evader      144410.87±420415.68 37760120.10±69123287.52 87.92±13.17%     2.3±1.0     0.8±0.8
poly9        Greedy-LOS                   Escaping Evader      182726.78±488441.47 43711710.41±72425200.89 89.76±13.20%     2.5±1.3     0.6±0.8

[SAVED] /app/benchmark_results/20261004_224528_table.txt
[SAVED] /app/benchmark_results/20261004_224528_raw.csv
=== sp=2.0 ===
=== poly9 (22 workers) ===
Corners: [0, 2, 5, 6, 11, 12, 13, 17, 18, 19, 24, 27, 29, 30, 31, 34, 35]
KER coverage computed in 0.31s
Total: 17 corners — [0, 2, 5, 6, 11, 12, 13, 17, 18, 19, 24, 27, 29, 30, 31, 34, 35]
[INFO] ILP cover: 7/1477 candidates (13 after domination pre-processing).
Set cover solved in 0.008s (7 guards selected)
  0%|          | 0/5 [00:00<?, ?it/s]100%|██████████| 5/5 [00:00<00:00, 475.84it/s]
[INFO] Geodesic graph built.
[OK] Coverage sanity check passed: guard set covers 100.0000% of the environment (uncovered area 0.0000 sq units).
[CACHE] Saved.
[SKEL] Building Voronoi skeleton…
[SKEL] 419 nodes, 408 edges
  [poly9 | minmax-alpha | escaping] 25/50 trials  (332s elapsed, ~332s remaining, 22 workers)
  [poly9 | minmax-alpha | escaping] 50/50 trials  (450s elapsed, ~0s remaining, 22 workers)
  [poly9 | minmax-alpha-vis | escaping] 25/50 trials  (311s elapsed, ~311s remaining, 22 workers)
  [poly9 | minmax-alpha-vis | escaping] 50/50 trials  (433s elapsed, ~0s remaining, 22 workers)
  [poly9 | geo-follow | escaping] 25/50 trials  (62s elapsed, ~62s remaining, 22 workers)
  [poly9 | geo-follow | escaping] 50/50 trials  (118s elapsed, ~0s remaining, 22 workers)
  [poly9 | greedy-los | escaping] 25/50 trials  (40s elapsed, ~40s remaining, 22 workers)
  [poly9 | greedy-los | escaping] 50/50 trials  (73s elapsed, ~0s remaining, 22 workers)

Environment  Strategy                     Evader                          ᾱ        α_max         %LOS   N_breach   N_escape
---------------------------------------------------------------------------------------------------------------------------
poly9        Min-Max α-Guard (Proposed)   Escaping Evader      531822.27±902197.37 20966798.63±26372101.54 87.83±20.03%     7.6±37.0     0.6±0.7
poly9        Min-Max +Vis Slack (Proposed) Escaping Evader      552121.06±910838.87 18664165.48±25586061.78 92.24±16.58%     2.2±1.4     0.4±0.6
poly9        Geo-Follow                   Escaping Evader      146446.22±363275.82 40136840.60±73718296.65 87.21±15.55%     2.3±1.2     0.7±0.8
poly9        Greedy-LOS                   Escaping Evader      172450.84±391676.66 42128152.95±73592277.02 89.06±15.66%     2.4±1.4     0.5±0.7

[SAVED] /app/benchmark_results/20261004_230324_table.txt
[SAVED] /app/benchmark_results/20261004_230324_raw.csv
