=== poly9 (22 workers) ===
Corners: [0, 2, 5, 6, 11, 12, 13, 17, 18, 19, 24, 27, 29, 30, 31, 34, 35]
KER coverage computed in 0.30s
Total: 17 corners — [0, 2, 5, 6, 11, 12, 13, 17, 18, 19, 24, 27, 29, 30, 31, 34, 35]
[INFO] ILP cover: 7/1477 candidates (13 after domination pre-processing).
Set cover solved in 0.008s (7 guards selected)
  0%|          | 0/5 [00:00<?, ?it/s]100%|██████████| 5/5 [00:00<00:00, 501.09it/s]
[INFO] Geodesic graph built.
[OK] Coverage sanity check passed: guard set covers 100.0000% of the environment (uncovered area 0.0000 sq units).
[CACHE] Saved.
[SKEL] Building Voronoi skeleton…
[SKEL] 419 nodes, 408 edges
  [poly9 | minmax-alpha | skeleton] 25/50 trials  (230s elapsed, ~230s remaining, 22 workers)
  [poly9 | minmax-alpha | skeleton] 50/50 trials  (342s elapsed, ~0s remaining, 22 workers)
  [poly9 | geo-follow | skeleton] 25/50 trials  (47s elapsed, ~47s remaining, 22 workers)
  [poly9 | geo-follow | skeleton] 50/50 trials  (71s elapsed, ~0s remaining, 22 workers)
  [poly9 | tsp-patrol | skeleton] 25/50 trials  (32s elapsed, ~32s remaining, 22 workers)
  [poly9 | tsp-patrol | skeleton] 50/50 trials  (47s elapsed, ~0s remaining, 22 workers)
  [poly9 | minmax-alpha | adversarial] 25/50 trials  (220s elapsed, ~220s remaining, 22 workers)
  [poly9 | minmax-alpha | adversarial] 50/50 trials  (338s elapsed, ~0s remaining, 22 workers)
  [poly9 | geo-follow | adversarial] 25/50 trials  (47s elapsed, ~47s remaining, 22 workers)
  [poly9 | geo-follow | adversarial] 50/50 trials  (110s elapsed, ~0s remaining, 22 workers)
  [poly9 | tsp-patrol | adversarial] 25/50 trials  (31s elapsed, ~31s remaining, 22 workers)
  [poly9 | tsp-patrol | adversarial] 50/50 trials  (62s elapsed, ~0s remaining, 22 workers)

Environment  Strategy                     Evader                          ᾱ        α_max         %LOS   N_breach
----------------------------------------------------------------------------------------------------------------
poly9        Min-Max α-Guard (Proposed)   Skeleton Evader         1.54±0.60    3.52±2.09 84.65±17.58%     0.0±0.0
poly9        Geo-Follow                   Skeleton Evader         1.90±0.81    4.17±3.57 89.74±20.49%     0.0±0.0
poly9        TSP-Patrol                   Skeleton Evader         5.11±2.36  17.28±27.27 25.93±30.19%     0.0±0.0
poly9        Min-Max α-Guard (Proposed)   Adversarial Evader    66.50±39.63 318.14±132.64 82.07±23.41%     2.5±0.9
poly9        Geo-Follow                   Adversarial Evader   2559.10±16913.31 3803.72±24383.98 77.08±34.20%     1.4±0.7
poly9        TSP-Patrol                   Adversarial Evader   590.35±362.33 1086.32±633.97 23.49±37.00%     1.3±0.7

[SAVED] /app/benchmark_results/20260928_032331_table.txt
[SAVED] /app/benchmark_results/20260928_032331_raw.csv
