=== poly2 (22 workers) ===
Corners: [2, 3, 6, 7, 10, 11, 12, 14, 17, 18, 22, 23, 25, 28, 29, 32, 33, 34, 38, 39, 41, 44, 46]
KER coverage computed in 0.80s
Total: 23 corners — [2, 3, 6, 7, 10, 11, 12, 14, 17, 18, 22, 23, 25, 28, 29, 32, 33, 34, 38, 39, 41, 44, 46]
[INFO] ILP cover: 9/2249 candidates (16 after domination pre-processing).
Set cover solved in 0.007s (9 guards selected)
  0%|          | 0/6 [00:00<?, ?it/s]100%|██████████| 6/6 [00:00<00:00, 402.20it/s]
[INFO] Geodesic graph built.
[WARNING] Coverage gap: 802.8612 sq units uncovered (0.5751% of total area 139598.00).
[CACHE] Saved.
[SKEL] Building Voronoi skeleton…
[SKEL] 411 nodes, 391 edges
  [poly2 | minmax-alpha | skeleton] 25/50 trials  (479s elapsed, ~479s remaining, 22 workers)
  [poly2 | minmax-alpha | skeleton] 50/50 trials  (742s elapsed, ~0s remaining, 22 workers)
  [poly2 | geo-follow | skeleton] 25/50 trials  (71s elapsed, ~71s remaining, 22 workers)
  [poly2 | geo-follow | skeleton] 50/50 trials  (117s elapsed, ~0s remaining, 22 workers)
  [poly2 | tsp-patrol | skeleton] 25/50 trials  (51s elapsed, ~51s remaining, 22 workers)
  [poly2 | tsp-patrol | skeleton] 50/50 trials  (85s elapsed, ~0s remaining, 22 workers)
  [poly2 | minmax-alpha | adversarial] 25/50 trials  (490s elapsed, ~490s remaining, 22 workers)
  [poly2 | minmax-alpha | adversarial] 50/50 trials  (760s elapsed, ~0s remaining, 22 workers)
  [poly2 | geo-follow | adversarial] 25/50 trials  (71s elapsed, ~71s remaining, 22 workers)
  [poly2 | geo-follow | adversarial] 50/50 trials  (142s elapsed, ~0s remaining, 22 workers)
  [poly2 | tsp-patrol | adversarial] 25/50 trials  (52s elapsed, ~52s remaining, 22 workers)
  [poly2 | tsp-patrol | adversarial] 50/50 trials  (87s elapsed, ~0s remaining, 22 workers)

Environment  Strategy                     Evader                          ᾱ        α_max         %LOS   N_breach
----------------------------------------------------------------------------------------------------------------
poly2        Min-Max α-Guard (Proposed)   Skeleton Evader         1.52±0.46    4.97±6.66 95.43±14.28%     0.0±0.1
poly2        Geo-Follow                   Skeleton Evader         2.49±1.33   8.48±10.56 89.75±20.72%     0.0±0.1
poly2        TSP-Patrol                   Skeleton Evader         6.82±3.68  26.14±39.71 21.43±23.32%     0.0±0.1
poly2        Min-Max α-Guard (Proposed)   Adversarial Evader    75.29±50.94 261.60±115.89 86.06±23.04%     3.4±3.9
poly2        Geo-Follow                   Adversarial Evader   131.58±73.98 335.96±146.15 86.97±25.47%     2.7±2.7
poly2        TSP-Patrol                   Adversarial Evader   582.01±271.64 811.19±288.15 15.74±23.11%     1.2±0.5

[SAVED] /app/benchmark_results/20260928_002608_table.txt
[SAVED] /app/benchmark_results/20260928_002608_raw.csv
