=== poly5 (22 workers) ===
Corners: [1, 3, 6, 9, 10, 11, 16, 17, 18, 21, 24, 25, 26, 29, 32, 33, 34]
KER coverage computed in 0.24s
Total: 17 corners — [1, 3, 6, 9, 10, 11, 16, 17, 18, 21, 24, 25, 26, 29, 32, 33, 34]
[INFO] ILP cover: 8/1135 candidates (12 after domination pre-processing).
Set cover solved in 0.008s (8 guards selected)
  0%|          | 0/5 [00:00<?, ?it/s]100%|██████████| 5/5 [00:00<00:00, 534.66it/s]
[INFO] Geodesic graph built.
[OK] Coverage sanity check passed: guard set covers 100.0000% of the environment (uncovered area 0.0000 sq units).
[CACHE] Saved.
[SKEL] Building Voronoi skeleton…
[SKEL] 411 nodes, 401 edges
  [poly5 | minmax-alpha | skeleton] 25/50 trials  (303s elapsed, ~303s remaining, 22 workers)
  [poly5 | minmax-alpha | skeleton] 50/50 trials  (501s elapsed, ~0s remaining, 22 workers)
  [poly5 | geo-follow | skeleton] 25/50 trials  (45s elapsed, ~45s remaining, 22 workers)
  [poly5 | geo-follow | skeleton] 50/50 trials  (68s elapsed, ~0s remaining, 22 workers)
  [poly5 | tsp-patrol | skeleton] 25/50 trials  (31s elapsed, ~31s remaining, 22 workers)
  [poly5 | tsp-patrol | skeleton] 50/50 trials  (49s elapsed, ~0s remaining, 22 workers)
  [poly5 | minmax-alpha | adversarial] 25/50 trials  (322s elapsed, ~322s remaining, 22 workers)
  [poly5 | minmax-alpha | adversarial] 50/50 trials  (479s elapsed, ~0s remaining, 22 workers)
  [poly5 | geo-follow | adversarial] 25/50 trials  (47s elapsed, ~47s remaining, 22 workers)
  [poly5 | geo-follow | adversarial] 50/50 trials  (94s elapsed, ~0s remaining, 22 workers)
  [poly5 | tsp-patrol | adversarial] 25/50 trials  (35s elapsed, ~35s remaining, 22 workers)
  [poly5 | tsp-patrol | adversarial] 50/50 trials  (67s elapsed, ~0s remaining, 22 workers)

Environment  Strategy                     Evader                          ᾱ        α_max         %LOS   N_breach
----------------------------------------------------------------------------------------------------------------
poly5        Min-Max α-Guard (Proposed)   Skeleton Evader         2.15±0.77    5.41±3.06 85.53±23.37%     0.0±0.0
poly5        Geo-Follow                   Skeleton Evader         2.76±1.06    6.46±3.46 89.89±15.35%     0.0±0.0
poly5        TSP-Patrol                   Skeleton Evader         4.29±1.50  13.60±30.52 59.61±25.01%     0.0±0.0
poly5        Min-Max α-Guard (Proposed)   Adversarial Evader   78.55±110.31 342.24±283.67 89.11±23.16%     1.7±1.0
poly5        Geo-Follow                   Adversarial Evader   146.91±126.82 419.12±217.60 95.82±15.06%     1.5±0.7
poly5        TSP-Patrol                   Adversarial Evader   696.79±348.88 963.25±376.10 38.30±39.74%     1.2±0.6

[SAVED] /app/benchmark_results/20260928_010853_table.txt
[SAVED] /app/benchmark_results/20260928_010853_raw.csv
