=== poly4 (22 workers) ===
Corners: [1, 3, 6, 9, 13, 17, 19, 22, 25, 28, 30, 32, 33, 34, 38, 39, 40, 42, 44, 46]
KER coverage computed in 0.71s
Total: 20 corners — [1, 3, 6, 9, 13, 17, 19, 22, 25, 28, 30, 32, 33, 34, 38, 39, 40, 42, 44, 46]
[INFO] ILP cover: 5/2784 candidates (15 after domination pre-processing).
Set cover solved in 0.012s (5 guards selected)
  0%|          | 0/6 [00:00<?, ?it/s]100%|██████████| 6/6 [00:00<00:00, 398.56it/s]
[INFO] Geodesic graph built.
[WARNING] Coverage gap: 1502.4421 sq units uncovered (1.1435% of total area 131386.77).
[CACHE] Saved.
[SKEL] Building Voronoi skeleton…
[SKEL] 430 nodes, 407 edges
  [poly4 | minmax-alpha | skeleton] 25/50 trials  (181s elapsed, ~181s remaining, 22 workers)
  [poly4 | minmax-alpha | skeleton] 50/50 trials  (272s elapsed, ~0s remaining, 22 workers)
  [poly4 | geo-follow | skeleton] 25/50 trials  (59s elapsed, ~59s remaining, 22 workers)
  [poly4 | geo-follow | skeleton] 50/50 trials  (92s elapsed, ~0s remaining, 22 workers)
  [poly4 | tsp-patrol | skeleton] 25/50 trials  (39s elapsed, ~39s remaining, 22 workers)
  [poly4 | tsp-patrol | skeleton] 50/50 trials  (62s elapsed, ~0s remaining, 22 workers)
  [poly4 | minmax-alpha | adversarial] 25/50 trials  (175s elapsed, ~175s remaining, 22 workers)
  [poly4 | minmax-alpha | adversarial] 50/50 trials  (265s elapsed, ~0s remaining, 22 workers)
  [poly4 | geo-follow | adversarial] 25/50 trials  (57s elapsed, ~57s remaining, 22 workers)
  [poly4 | geo-follow | adversarial] 50/50 trials  (92s elapsed, ~0s remaining, 22 workers)
  [poly4 | tsp-patrol | adversarial] 25/50 trials  (40s elapsed, ~40s remaining, 22 workers)
  [poly4 | tsp-patrol | adversarial] 50/50 trials  (67s elapsed, ~0s remaining, 22 workers)

Environment  Strategy                     Evader                          ᾱ        α_max         %LOS   N_breach
----------------------------------------------------------------------------------------------------------------
poly4        Min-Max α-Guard (Proposed)   Skeleton Evader         1.60±0.51    3.32±2.48 88.97±17.67%     0.0±0.0
poly4        Geo-Follow                   Skeleton Evader         2.52±0.93    5.76±4.23 95.18±12.63%     0.0±0.0
poly4        TSP-Patrol                   Skeleton Evader         5.47±2.40  21.98±22.11 49.01±21.59%     0.0±0.0
poly4        Min-Max α-Guard (Proposed)   Adversarial Evader    96.08±47.54 321.72±107.23 91.32±21.89%     2.6±1.3
poly4        Geo-Follow                   Adversarial Evader   211.88±109.41 332.00±88.41  99.81±1.09%     1.7±0.8
poly4        TSP-Patrol                   Adversarial Evader   340.75±125.06 733.49±140.83 40.41±19.93%     1.7±0.8

[SAVED] /app/benchmark_results/20260928_004636_table.txt
[SAVED] /app/benchmark_results/20260928_004636_raw.csv
