Corners: [1, 2, 4, 5, 8, 11, 14, 15, 16, 19, 22, 25, 26, 27, 30, 33, 34, 35, 38, 41, 43, 44]
KER coverage computed in 0.36s
Total: 22 corners — [1, 2, 4, 5, 8, 11, 14, 15, 16, 19, 22, 25, 26, 27, 30, 33, 34, 35, 38, 41, 43, 44]
[INFO] ILP cover: 9/1534 candidates (14 after domination pre-processing).
Set cover solved in 0.004s (9 guards selected)
  0%|          | 0/6 [00:00<?, ?it/s]100%|██████████| 6/6 [00:00<00:00, 381.21it/s]
[INFO] Geodesic graph built.
[OK] Coverage sanity check passed: guard set covers 100.0000% of the environment (uncovered area 0.0000 sq units).
[CACHE] Saved.
[SKEL] Building Voronoi skeleton…
[SKEL] 414 nodes, 406 edges
poly1      48   22   1534    9   540    6865.9  100.0%
Corners: [2, 3, 6, 7, 10, 11, 12, 14, 17, 18, 22, 23, 25, 28, 29, 32, 33, 34, 38, 39, 41, 44, 46]
KER coverage computed in 0.79s
Total: 23 corners — [2, 3, 6, 7, 10, 11, 12, 14, 17, 18, 22, 23, 25, 28, 29, 32, 33, 34, 38, 39, 41, 44, 46]
[INFO] ILP cover: 9/2249 candidates (16 after domination pre-processing).
Set cover solved in 0.006s (9 guards selected)
  0%|          | 0/6 [00:00<?, ?it/s]100%|██████████| 6/6 [00:00<00:00, 395.15it/s]
[INFO] Geodesic graph built.
[WARNING] Coverage gap: 802.8612 sq units uncovered (0.5751% of total area 139598.00).
[CACHE] Saved.
[SKEL] Building Voronoi skeleton…
[SKEL] 411 nodes, 391 edges
poly2      47   23   2249    9   554    5408.3   99.4%
Corners: [0, 1, 4, 8, 9, 12, 13, 16, 17, 20]
KER coverage computed in 0.03s
Total: 10 corners — [0, 1, 4, 8, 9, 12, 13, 16, 17, 20]
[INFO] ILP cover: 5/360 candidates (5 after domination pre-processing).
Set cover solved in 0.001s (5 guards selected)
  0%|          | 0/3 [00:00<?, ?it/s]100%|██████████| 3/3 [00:00<00:00, 766.41it/s]
[INFO] Geodesic graph built.
[OK] Coverage sanity check passed: guard set covers 100.0000% of the environment (uncovered area 0.0000 sq units).
[CACHE] Saved.
[SKEL] Building Voronoi skeleton…
[SKEL] 378 nodes, 352 edges
poly3      23   10    360    5    94    2247.6  100.0%
Corners: [1, 3, 6, 9, 13, 17, 19, 22, 25, 28, 30, 32, 33, 34, 38, 39, 40, 42, 44, 46]
KER coverage computed in 0.70s
Total: 20 corners — [1, 3, 6, 9, 13, 17, 19, 22, 25, 28, 30, 32, 33, 34, 38, 39, 40, 42, 44, 46]
[INFO] ILP cover: 5/2784 candidates (15 after domination pre-processing).
Set cover solved in 0.011s (5 guards selected)
  0%|          | 0/6 [00:00<?, ?it/s]100%|██████████| 6/6 [00:00<00:00, 392.54it/s]
[INFO] Geodesic graph built.
[WARNING] Coverage gap: 1502.4421 sq units uncovered (1.1435% of total area 131386.77).
[CACHE] Saved.
[SKEL] Building Voronoi skeleton…
[SKEL] 430 nodes, 407 edges
poly4      47   20   2784    5   204    1781.3   98.9%
Corners: [1, 3, 6, 9, 10, 11, 16, 17, 18, 21, 24, 25, 26, 29, 32, 33, 34]
KER coverage computed in 0.22s
Total: 17 corners — [1, 3, 6, 9, 10, 11, 16, 17, 18, 21, 24, 25, 26, 29, 32, 33, 34]
[INFO] ILP cover: 8/1135 candidates (12 after domination pre-processing).
Set cover solved in 0.006s (8 guards selected)
  0%|          | 0/5 [00:00<?, ?it/s]100%|██████████| 5/5 [00:00<00:00, 525.80it/s]
[INFO] Geodesic graph built.
[OK] Coverage sanity check passed: guard set covers 100.0000% of the environment (uncovered area 0.0000 sq units).
[CACHE] Saved.
[SKEL] Building Voronoi skeleton…
[SKEL] 411 nodes, 401 edges
poly5      38   17   1135    8   416    8017.6  100.0%
Corners: [0, 1, 6, 7, 8, 12, 13, 14, 19, 20, 21, 24, 29, 30, 31, 35, 36]
KER coverage computed in 0.19s
Total: 17 corners — [0, 1, 6, 7, 8, 12, 13, 14, 19, 20, 21, 24, 29, 30, 31, 35, 36]
[INFO] ILP cover: 7/996 candidates (9 after domination pre-processing).
Set cover solved in 0.002s (7 guards selected)
  0%|          | 0/5 [00:00<?, ?it/s]100%|██████████| 5/5 [00:00<00:00, 473.58it/s]
[INFO] Geodesic graph built.
[WARNING] Coverage gap: 11007.5397 sq units uncovered (2.8115% of total area 391517.94).
[CACHE] Saved.
[SKEL] Building Voronoi skeleton…
[SKEL] 403 nodes, 393 edges
poly6      39   17    996    7   364    7867.6   97.2%
Corners: [3, 4, 8, 9, 13, 14, 18, 19, 23, 24, 28, 29]
KER coverage computed in 0.06s
Total: 12 corners — [3, 4, 8, 9, 13, 14, 18, 19, 23, 24, 28, 29]
[INFO] ILP cover: 7/526 candidates (7 after domination pre-processing).
Set cover solved in 0.001s (7 guards selected)
  0%|          | 0/4 [00:00<?, ?it/s]100%|██████████| 4/4 [00:00<00:00, 617.45it/s]
[INFO] Geodesic graph built.
[WARNING] Coverage gap: 8542.5000 sq units uncovered (2.3594% of total area 362062.34).
[CACHE] Saved.
[SKEL] Building Voronoi skeleton…
[SKEL] 376 nodes, 352 edges
poly7      30   12    526    7   284    7489.8   97.6%
Corners: [2, 6, 7, 8, 11, 12, 16, 17, 18, 21, 22, 26, 28, 29, 30, 33, 37, 38, 39, 43, 44, 48, 50, 51, 52, 53, 56, 57, 59]
KER coverage computed in 0.62s
Total: 29 corners — [2, 6, 7, 8, 11, 12, 16, 17, 18, 21, 22, 26, 28, 29, 30, 33, 37, 38, 39, 43, 44, 48, 50, 51, 52, 53, 56, 57, 59]
[INFO] ILP cover: 13/1716 candidates (15 after domination pre-processing).
Set cover solved in 0.004s (13 guards selected)
  0%|          | 0/7 [00:00<?, ?it/s]100%|██████████| 7/7 [00:00<00:00, 288.57it/s]
[INFO] Geodesic graph built.
[WARNING] Coverage gap: 5532.6779 sq units uncovered (4.3617% of total area 126847.09).
[CACHE] Saved.
[SKEL] Building Voronoi skeleton…
[SKEL] 393 nodes, 379 edges
poly8      60   29   1716   13   698    5123.3   95.6%
Corners: [0, 2, 5, 6, 11, 12, 13, 17, 18, 19, 24, 27, 29, 30, 31, 34, 35]
KER coverage computed in 0.29s
Total: 17 corners — [0, 2, 5, 6, 11, 12, 13, 17, 18, 19, 24, 27, 29, 30, 31, 34, 35]
[INFO] ILP cover: 7/1477 candidates (13 after domination pre-processing).
Set cover solved in 0.007s (7 guards selected)
  0%|          | 0/5 [00:00<?, ?it/s]100%|██████████| 5/5 [00:00<00:00, 503.61it/s]
[INFO] Geodesic graph built.
[OK] Coverage sanity check passed: guard set covers 100.0000% of the environment (uncovered area 0.0000 sq units).
[CACHE] Saved.
[SKEL] Building Voronoi skeleton…
[SKEL] 419 nodes, 408 edges
poly9      39   17   1477    7   262    3816.2  100.0%

Polygon     n  |C|    |K|  |S|   |E|    Length   %Area
------------------------------------------------------
poly1      48   22   1534    9   540    6865.9  100.0%
poly2      47   23   2249    9   554    5408.3   99.4%
poly3      23   10    360    5    94    2247.6  100.0%
poly4      47   20   2784    5   204    1781.3   98.9%
poly5      38   17   1135    8   416    8017.6  100.0%
poly6      39   17    996    7   364    7867.6   97.2%
poly7      30   12    526    7   284    7489.8   97.6%
poly8      60   29   1716   13   698    5123.3   95.6%
poly9      39   17   1477    7   262    3816.2  100.0%

n, |C| after boundary cleaning; |K| KER candidates before domination pre-processing; |E| edges of the enriched patrol graph; Length = total patrol-path length; %Area = guard visibility coverage.

[SAVED] /app/benchmark_results/20260927_231328_environments.txt
