=== poly3 (22 workers) ===
Corners: [0, 1, 4, 8, 9, 12, 13, 16, 17, 20]
KER coverage computed in 0.03s
Total: 10 corners — [0, 1, 4, 8, 9, 12, 13, 16, 17, 20]
[INFO] ILP cover: 5/360 candidates (5 after domination pre-processing).
Set cover solved in 0.002s (5 guards selected)
  0%|          | 0/3 [00:00<?, ?it/s]100%|██████████| 3/3 [00:00<00:00, 700.72it/s]
[INFO] Geodesic graph built.
[OK] Coverage sanity check passed: guard set covers 100.0000% of the environment (uncovered area 0.0000 sq units).
[CACHE] Saved.
[SKEL] Building Voronoi skeleton…
[SKEL] 378 nodes, 352 edges
  [poly3 | minmax-alpha | skeleton] 25/50 trials  (52s elapsed, ~52s remaining, 22 workers)
  [poly3 | minmax-alpha | skeleton] 50/50 trials  (85s elapsed, ~0s remaining, 22 workers)
  [poly3 | minmax-alpha-vis | skeleton] 25/50 trials  (53s elapsed, ~53s remaining, 22 workers)
  [poly3 | minmax-alpha-vis | skeleton] 50/50 trials  (80s elapsed, ~0s remaining, 22 workers)
  [poly3 | geo-follow | skeleton] 25/50 trials  (20s elapsed, ~20s remaining, 22 workers)
  [poly3 | geo-follow | skeleton] 50/50 trials  (31s elapsed, ~0s remaining, 22 workers)
  [poly3 | greedy-los | skeleton] 25/50 trials  (10s elapsed, ~10s remaining, 22 workers)
  [poly3 | greedy-los | skeleton] 50/50 trials  (14s elapsed, ~0s remaining, 22 workers)
  [poly3 | tsp-patrol | skeleton] 25/50 trials  (9s elapsed, ~9s remaining, 22 workers)
  [poly3 | tsp-patrol | skeleton] 50/50 trials  (14s elapsed, ~0s remaining, 22 workers)
  [poly3 | minmax-alpha | adversarial] 25/50 trials  (53s elapsed, ~53s remaining, 22 workers)
  [poly3 | minmax-alpha | adversarial] 50/50 trials  (80s elapsed, ~0s remaining, 22 workers)
  [poly3 | minmax-alpha-vis | adversarial] 25/50 trials  (53s elapsed, ~53s remaining, 22 workers)
  [poly3 | minmax-alpha-vis | adversarial] 50/50 trials  (84s elapsed, ~0s remaining, 22 workers)
  [poly3 | geo-follow | adversarial] 25/50 trials  (20s elapsed, ~20s remaining, 22 workers)
  [poly3 | geo-follow | adversarial] 50/50 trials  (31s elapsed, ~0s remaining, 22 workers)
  [poly3 | greedy-los | adversarial] 25/50 trials  (10s elapsed, ~10s remaining, 22 workers)
  [poly3 | greedy-los | adversarial] 50/50 trials  (16s elapsed, ~0s remaining, 22 workers)
  [poly3 | tsp-patrol | adversarial] 25/50 trials  (10s elapsed, ~10s remaining, 22 workers)
  [poly3 | tsp-patrol | adversarial] 50/50 trials  (15s elapsed, ~0s remaining, 22 workers)

Environment  Strategy                     Evader                          ᾱ        α_max         %LOS   N_breach   N_escape
---------------------------------------------------------------------------------------------------------------------------
poly3        Min-Max α-Guard (Proposed)   Skeleton Evader         1.56±0.66    5.03±7.58 88.76±21.43%     0.0±0.2     0.3±0.6
poly3        Min-Max +Vis Slack (Proposed) Skeleton Evader         1.56±0.65    5.00±7.57 90.79±17.80%     0.0±0.2     0.3±0.5
poly3        Geo-Follow                   Skeleton Evader         1.69±0.75    5.19±7.15 93.04±20.63%     0.0±0.0     0.2±0.5
poly3        Greedy-LOS                   Skeleton Evader         1.60±0.68    4.65±6.84  98.70±6.31%     0.0±0.0     0.1±0.3
poly3        TSP-Patrol                   Skeleton Evader         4.90±2.19  19.33±29.48 30.81±20.29%     0.0±0.1     1.4±0.5
poly3        Min-Max α-Guard (Proposed)   Adversarial Evader    70.26±50.55 297.82±150.44 96.73±11.88%     2.4±1.0     0.1±0.4
poly3        Min-Max +Vis Slack (Proposed) Adversarial Evader    70.14±50.43 297.37±150.61 96.91±11.73%     2.4±1.0     0.1±0.4
poly3        Geo-Follow                   Adversarial Evader   117.43±94.81 282.11±94.46 90.48±27.98%     3.4±5.2     0.2±0.5
poly3        Greedy-LOS                   Adversarial Evader   110.19±88.22 282.80±95.90  98.52±7.34%     3.5±5.1     0.1±0.4
poly3        TSP-Patrol                   Adversarial Evader   448.02±259.35 895.03±283.33 36.63±27.42%     1.6±0.7     1.0±0.3

[SAVED] /app/benchmark_results/20261004_073105_table.txt
[SAVED] /app/benchmark_results/20261004_073105_raw.csv
