=== poly4 (22 workers) ===
Corners: [1, 3, 6, 9, 13, 17, 19, 22, 25, 28, 30, 32, 33, 34, 38, 39, 40, 42, 44, 46]
KER coverage computed in 0.71s
Total: 20 corners — [1, 3, 6, 9, 13, 17, 19, 22, 25, 28, 30, 32, 33, 34, 38, 39, 40, 42, 44, 46]
[INFO] ILP cover: 5/2784 candidates (15 after domination pre-processing).
Set cover solved in 0.025s (5 guards selected)
  0%|          | 0/6 [00:00<?, ?it/s]100%|██████████| 6/6 [00:00<00:00, 386.95it/s]
[INFO] Geodesic graph built.
[WARNING] Coverage gap: 1502.4421 sq units uncovered (1.1435% of total area 131386.77).
[CACHE] Saved.
[SKEL] Building Voronoi skeleton…
[SKEL] 430 nodes, 407 edges
  [poly4 | minmax-alpha | skeleton] 25/50 trials  (178s elapsed, ~178s remaining, 22 workers)
  [poly4 | minmax-alpha | skeleton] 50/50 trials  (276s elapsed, ~0s remaining, 22 workers)
  [poly4 | minmax-alpha-vis | skeleton] 25/50 trials  (175s elapsed, ~175s remaining, 22 workers)
  [poly4 | minmax-alpha-vis | skeleton] 50/50 trials  (271s elapsed, ~0s remaining, 22 workers)
  [poly4 | geo-follow | skeleton] 25/50 trials  (60s elapsed, ~60s remaining, 22 workers)
  [poly4 | geo-follow | skeleton] 50/50 trials  (92s elapsed, ~0s remaining, 22 workers)
  [poly4 | greedy-los | skeleton] 25/50 trials  (40s elapsed, ~40s remaining, 22 workers)
  [poly4 | greedy-los | skeleton] 50/50 trials  (65s elapsed, ~0s remaining, 22 workers)
  [poly4 | tsp-patrol | skeleton] 25/50 trials  (38s elapsed, ~38s remaining, 22 workers)
  [poly4 | tsp-patrol | skeleton] 50/50 trials  (61s elapsed, ~0s remaining, 22 workers)
  [poly4 | minmax-alpha | adversarial] 25/50 trials  (174s elapsed, ~174s remaining, 22 workers)
  [poly4 | minmax-alpha | adversarial] 50/50 trials  (263s elapsed, ~0s remaining, 22 workers)
  [poly4 | minmax-alpha-vis | adversarial] 25/50 trials  (169s elapsed, ~169s remaining, 22 workers)
  [poly4 | minmax-alpha-vis | adversarial] 50/50 trials  (268s elapsed, ~0s remaining, 22 workers)
  [poly4 | geo-follow | adversarial] 25/50 trials  (56s elapsed, ~56s remaining, 22 workers)
  [poly4 | geo-follow | adversarial] 50/50 trials  (96s elapsed, ~0s remaining, 22 workers)
  [poly4 | greedy-los | adversarial] 25/50 trials  (37s elapsed, ~37s remaining, 22 workers)
  [poly4 | greedy-los | adversarial] 50/50 trials  (63s elapsed, ~0s remaining, 22 workers)
  [poly4 | tsp-patrol | adversarial] 25/50 trials  (41s elapsed, ~41s remaining, 22 workers)
  [poly4 | tsp-patrol | adversarial] 50/50 trials  (65s elapsed, ~0s remaining, 22 workers)

Environment  Strategy                     Evader                          ᾱ        α_max         %LOS   N_breach   N_escape
---------------------------------------------------------------------------------------------------------------------------
poly4        Min-Max α-Guard (Proposed)   Skeleton Evader         1.54±0.42    2.95±1.37 88.38±19.14%     0.0±0.0     0.7±1.3
poly4        Min-Max +Vis Slack (Proposed) Skeleton Evader         1.59±0.46    3.23±1.85 89.98±18.92%     0.0±0.0     0.6±1.2
poly4        Geo-Follow                   Skeleton Evader         2.47±0.96    5.18±3.03  96.95±9.90%     0.0±0.0     0.1±0.4
poly4        Greedy-LOS                   Skeleton Evader         2.47±0.94    5.18±2.92  97.67±9.08%     0.0±0.0     0.1±0.4
poly4        TSP-Patrol                   Skeleton Evader         5.71±2.73  23.13±22.18 48.76±22.09%     0.0±0.0     1.4±0.7
poly4        Min-Max α-Guard (Proposed)   Adversarial Evader    96.08±47.54 321.72±107.23 91.32±21.89%     2.6±1.3     0.2±0.6
poly4        Min-Max +Vis Slack (Proposed) Adversarial Evader    97.33±46.38 324.83±105.84 93.89±17.23%     2.5±1.1     0.2±0.6
poly4        Geo-Follow                   Adversarial Evader   211.88±109.41 332.00±88.41  99.81±1.09%     1.7±0.8     0.0±0.1
poly4        Greedy-LOS                   Adversarial Evader   211.52±109.92 339.82±83.16  99.82±1.09%     1.8±1.0     0.0±0.1
poly4        TSP-Patrol                   Adversarial Evader   340.75±125.06 733.49±140.83 40.41±19.93%     1.7±0.8     1.1±0.4

[SAVED] /app/benchmark_results/20261004_075646_table.txt
[SAVED] /app/benchmark_results/20261004_075646_raw.csv
