=== poly9 ===
Corners: [0, 2, 5, 6, 11, 12, 13, 17, 18, 19, 24, 27, 29, 30, 31, 34, 35]
KER coverage computed in 0.30s
Total: 17 corners — [0, 2, 5, 6, 11, 12, 13, 17, 18, 19, 24, 27, 29, 30, 31, 34, 35]
[INFO] ILP cover: 7/1477 candidates (13 after domination pre-processing).
Set cover solved in 0.007s (7 guards selected)
  0%|          | 0/5 [00:00<?, ?it/s]100%|██████████| 5/5 [00:00<00:00, 504.47it/s]
[INFO] Geodesic graph built.
[OK] Coverage sanity check passed: guard set covers 100.0000% of the environment (uncovered area 0.0000 sq units).
[CACHE] Saved.
[SKEL] Building Voronoi skeleton…
[SKEL] 419 nodes, 408 edges
[GROUPS] affinity loaded from cache.
[GROUPS] affinity loaded from cache.
[GROUPS] using stored refined partition for k=2.
[GROUPS] affinity loaded from cache.
[GROUPS] using stored refined partition for k=3.
  k=1 partition: [[0, 2, 5, 6, 11, 12, 13, 17, 18, 19, 24, 27, 29, 30, 31, 34, 35]]
  k=2 partition: [[0, 2, 5, 18, 19, 24], [6, 11, 12, 13, 17, 27, 29, 30, 31, 34, 35]]
  k=3 partition: [[0, 2, 5], [6, 11, 12, 13, 17, 27, 30, 31, 34, 35], [18, 19, 24, 29]]
  corner standoff for sampled configurations: 2.1 units
  oracle k=1 m=1: s*=1.554  p95=1.274  mean=0.920  (300 configs, 44s)
  oracle k=2 m=1: s*=1.077  p95=1.038  mean=0.819  (300 configs, 93s)
  oracle k=3 m=1: s*=0.996  p95=0.919  mean=0.605  (300 configs, 147s)
  oracle k=1 m=2: s*=21.386  p95=4.535  mean=2.071  (300 configs, 49s)
  oracle k=2 m=2: s*=21.386  p95=3.866  mean=1.658  (300 configs, 104s)
  oracle k=3 m=2: s*=4.914  p95=1.979  mean=1.060  (300 configs, 163s)
  oracle k=1 m=3: s*=22.652  p95=6.179  mean=3.095  (300 configs, 55s)
  oracle k=2 m=3: s*=22.652  p95=5.354  mean=2.415  (300 configs, 115s)
  oracle k=3 m=3: s*=4.914  p95=2.780  mean=1.433  (300 configs, 181s)
  trials 10/450 (124s)
  trials 20/450 (152s)
  trials 30/450 (237s)
  trials 40/450 (284s)
  trials 50/450 (360s)
  trials 60/450 (426s)
  trials 70/450 (480s)
  trials 80/450 (559s)
  trials 90/450 (622s)
  trials 100/450 (687s)
  trials 110/450 (768s)
  trials 120/450 (815s)
  trials 130/450 (899s)
  trials 140/450 (982s)
  trials 150/450 (1036s)
  trials 160/450 (1120s)
  trials 170/450 (1176s)
  trials 180/450 (1242s)
  trials 190/450 (1307s)
  trials 200/450 (1397s)
  trials 210/450 (1462s)
  trials 220/450 (1555s)
  trials 230/450 (1605s)
  trials 240/450 (1684s)
  trials 250/450 (1757s)
  trials 260/450 (1826s)
  trials 270/450 (1946s)
  trials 280/450 (1976s)
  trials 290/450 (2107s)
  trials 300/450 (2153s)
  trials 310/450 (2242s)
  trials 320/450 (2313s)
  trials 330/450 (2355s)
  trials 340/450 (2465s)
  trials 350/450 (2533s)
  trials 360/450 (2605s)
  trials 370/450 (2697s)
  trials 380/450 (2775s)
  trials 390/450 (2865s)
  trials 400/450 (2959s)
  trials 410/450 (3024s)
  trials 420/450 (3124s)
  trials 430/450 (3211s)
  trials 440/450 (3293s)
  trials 450/450 (3367s)

Polygon   k  m  s*_(k,m)     p95    mean
------------------------------------------
poly9     1  1     1.554   1.274   0.920
poly9     2  1     1.077   1.038   0.819
poly9     3  1     0.996   0.919   0.605
poly9     1  2    21.386   4.535   2.071
poly9     2  2    21.386   3.866   1.658
poly9     3  2     4.914   1.979   1.060
poly9     1  3    22.652   6.179   3.095
poly9     2  3    22.652   5.354   2.415
poly9     3  3     4.914   2.780   1.433

Polygon   k  m        mean α         α_max       %in view    N_breach    N_escape
----------------------------------------------------------------------------------
poly9     1  1     1.62±0.70     4.07±3.85   81.92±16.77%   0.00±0.00   1.02±0.96
poly9     1  2     2.67±1.08    8.07±10.32   58.40±25.21%   0.02±0.14   2.82±1.53
poly9     1  3     3.27±1.19    9.66±10.12   50.97±20.70%   0.02±0.14   4.98±2.10
poly9     2  1     0.96±0.21     1.49±0.56   95.89±11.60%   0.00±0.00   0.26±0.83
poly9     2  2     1.95±1.09     5.42±8.86   76.92±22.25%   0.02±0.14   1.66±1.39
poly9     2  3     2.70±1.06     7.87±8.45   72.24±17.20%   0.02±0.14   3.36±1.95
poly9     3  1     0.78±0.19     1.43±0.53   92.29±12.15%   0.00±0.00   0.46±0.71
poly9     3  2     1.26±0.40     2.73±2.76   75.37±15.33%   0.02±0.14   2.22±1.18
poly9     3  3     1.58±0.54     3.64±2.12   72.72±14.40%   0.02±0.14   3.68±1.74

oracle: worst / p95 / mean team alpha over 300 sampled m-evader configurations (corner standoff as printed), L_c = min over evaders; trials: 50 seeds x 600 frames, s_p=0.8, s_e=1.0, skeleton evaders.

[SAVED] /app/benchmark_results/20261004_052133_multi_evader.txt / .json
