=== poly9 (22 workers) ===
Corners: [0, 2, 5, 6, 11, 12, 13, 17, 18, 19, 24, 27, 29, 30, 31, 34, 35]
KER coverage computed in 0.30s
Total: 17 corners — [0, 2, 5, 6, 11, 12, 13, 17, 18, 19, 24, 27, 29, 30, 31, 34, 35]
[INFO] ILP cover: 7/1477 candidates (13 after domination pre-processing).
Set cover solved in 0.008s (7 guards selected)
  0%|          | 0/5 [00:00<?, ?it/s]100%|██████████| 5/5 [00:00<00:00, 487.63it/s]
[INFO] Geodesic graph built.
[OK] Coverage sanity check passed: guard set covers 100.0000% of the environment (uncovered area 0.0000 sq units).
[CACHE] Saved.
[SKEL] Building Voronoi skeleton…
[SKEL] 419 nodes, 408 edges
  [poly9 | minmax-alpha | skeleton] 25/50 trials  (241s elapsed, ~241s remaining, 22 workers)
  [poly9 | minmax-alpha | skeleton] 50/50 trials  (348s elapsed, ~0s remaining, 22 workers)
  [poly9 | minmax-alpha-vis | skeleton] 25/50 trials  (229s elapsed, ~229s remaining, 22 workers)
  [poly9 | minmax-alpha-vis | skeleton] 50/50 trials  (348s elapsed, ~0s remaining, 22 workers)
  [poly9 | minmax-alpha | adversarial] 25/50 trials  (200s elapsed, ~200s remaining, 22 workers)
  [poly9 | minmax-alpha | adversarial] 50/50 trials  (319s elapsed, ~0s remaining, 22 workers)
  [poly9 | minmax-alpha-vis | adversarial] 25/50 trials  (199s elapsed, ~199s remaining, 22 workers)
  [poly9 | minmax-alpha-vis | adversarial] 50/50 trials  (313s elapsed, ~0s remaining, 22 workers)

Environment  Strategy                     Evader                          ᾱ        α_max         %LOS   N_breach   N_escape
---------------------------------------------------------------------------------------------------------------------------
poly9        Min-Max α-Guard (Proposed)   Skeleton Evader         1.12±0.26    2.12±0.99 92.57±14.42%     0.0±0.0     0.5±1.1
poly9        Min-Max +Vis Slack (Proposed) Skeleton Evader         1.13±0.26    2.15±1.01 95.73±10.35%     0.0±0.0     0.3±0.8
poly9        Min-Max α-Guard (Proposed)   Adversarial Evader      8.26±8.88 120.34±120.95 92.01±20.17%     2.3±2.3     0.3±0.5
poly9        Min-Max +Vis Slack (Proposed) Adversarial Evader      7.94±8.84 115.81±122.13 94.60±17.16%     2.0±2.0     0.2±0.5

[SAVED] /app/benchmark_results/20261004_013148_table.txt
[SAVED] /app/benchmark_results/20261004_013148_raw.csv
