=== poly9 (22 workers) ===
Corners: [0, 2, 5, 6, 11, 12, 13, 17, 18, 19, 24, 27, 29, 30, 31, 34, 35]
KER coverage computed in 0.30s
Total: 17 corners — [0, 2, 5, 6, 11, 12, 13, 17, 18, 19, 24, 27, 29, 30, 31, 34, 35]
[INFO] ILP cover: 7/1477 candidates (13 after domination pre-processing).
Set cover solved in 0.009s (7 guards selected)
  0%|          | 0/5 [00:00<?, ?it/s]100%|██████████| 5/5 [00:00<00:00, 515.46it/s]
[INFO] Geodesic graph built.
[OK] Coverage sanity check passed: guard set covers 100.0000% of the environment (uncovered area 0.0000 sq units).
[CACHE] Saved.
[SKEL] Building Voronoi skeleton…
[SKEL] 419 nodes, 408 edges
  [poly9 | minmax-alpha | skeleton] 25/50 trials  (205s elapsed, ~205s remaining, 22 workers)
  [poly9 | minmax-alpha | skeleton] 50/50 trials  (308s elapsed, ~0s remaining, 22 workers)
  [poly9 | minmax-alpha-vis | skeleton] 25/50 trials  (209s elapsed, ~209s remaining, 22 workers)
  [poly9 | minmax-alpha-vis | skeleton] 50/50 trials  (324s elapsed, ~0s remaining, 22 workers)
  [poly9 | minmax-alpha | adversarial] 25/50 trials  (206s elapsed, ~206s remaining, 22 workers)
  [poly9 | minmax-alpha | adversarial] 50/50 trials  (308s elapsed, ~0s remaining, 22 workers)
  [poly9 | minmax-alpha-vis | adversarial] 25/50 trials  (202s elapsed, ~202s remaining, 22 workers)
  [poly9 | minmax-alpha-vis | adversarial] 50/50 trials  (320s elapsed, ~0s remaining, 22 workers)

Environment  Strategy                     Evader                          ᾱ        α_max         %LOS   N_breach   N_escape
---------------------------------------------------------------------------------------------------------------------------
poly9        Min-Max α-Guard (Proposed)   Skeleton Evader         1.19±0.40    2.79±2.70 90.62±15.76%     0.0±0.0     0.6±1.0
poly9        Min-Max +Vis Slack (Proposed) Skeleton Evader         1.23±0.43    2.84±2.71 92.34±12.99%     0.0±0.0     0.5±0.9
poly9        Min-Max α-Guard (Proposed)   Adversarial Evader    13.02±13.77 135.92±110.70 86.61±24.75%     4.9±16.6     0.4±0.6
poly9        Min-Max +Vis Slack (Proposed) Adversarial Evader    13.68±14.85 140.77±117.31 90.08±22.29%     4.9±16.6     0.3±0.6

[SAVED] /app/benchmark_results/20261004_004826_table.txt
[SAVED] /app/benchmark_results/20261004_004826_raw.csv
