=== poly9 (22 workers) ===
Corners: [0, 2, 5, 6, 11, 12, 13, 17, 18, 19, 24, 27, 29, 30, 31, 34, 35]
KER coverage computed in 0.29s
Total: 17 corners — [0, 2, 5, 6, 11, 12, 13, 17, 18, 19, 24, 27, 29, 30, 31, 34, 35]
[INFO] ILP cover: 7/1477 candidates (13 after domination pre-processing).
Set cover solved in 0.008s (7 guards selected)
  0%|          | 0/5 [00:00<?, ?it/s]100%|██████████| 5/5 [00:00<00:00, 506.77it/s]
[INFO] Geodesic graph built.
[OK] Coverage sanity check passed: guard set covers 100.0000% of the environment (uncovered area 0.0000 sq units).
[CACHE] Saved.
[SKEL] Building Voronoi skeleton…
[SKEL] 419 nodes, 408 edges
  [poly9 | minmax-alpha | skeleton] 25/50 trials  (204s elapsed, ~204s remaining, 22 workers)
  [poly9 | minmax-alpha | skeleton] 50/50 trials  (311s elapsed, ~0s remaining, 22 workers)
  [poly9 | minmax-alpha-vis | skeleton] 25/50 trials  (207s elapsed, ~207s remaining, 22 workers)
  [poly9 | minmax-alpha-vis | skeleton] 50/50 trials  (314s elapsed, ~0s remaining, 22 workers)
  [poly9 | minmax-alpha | adversarial] 25/50 trials  (198s elapsed, ~198s remaining, 22 workers)
  [poly9 | minmax-alpha | adversarial] 50/50 trials  (306s elapsed, ~0s remaining, 22 workers)
  [poly9 | minmax-alpha-vis | adversarial] 25/50 trials  (222s elapsed, ~222s remaining, 22 workers)
  [poly9 | minmax-alpha-vis | adversarial] 50/50 trials  (340s elapsed, ~0s remaining, 22 workers)

Environment  Strategy                     Evader                          ᾱ        α_max         %LOS   N_breach   N_escape
---------------------------------------------------------------------------------------------------------------------------
poly9        Min-Max α-Guard (Proposed)   Skeleton Evader         1.18±0.34    2.57±1.94 92.05±14.70%     0.0±0.0     0.5±0.9
poly9        Min-Max +Vis Slack (Proposed) Skeleton Evader         1.21±0.36    2.65±1.98 94.90±10.89%     0.0±0.0     0.3±0.8
poly9        Min-Max α-Guard (Proposed)   Adversarial Evader    10.85±13.85 113.83±110.68 87.41±26.48%     2.1±1.3     0.4±0.6
poly9        Min-Max +Vis Slack (Proposed) Adversarial Evader    10.27±13.42 111.98±109.14 91.98±20.68%     2.4±2.0     0.3±0.5

[SAVED] /app/benchmark_results/20261004_010938_table.txt
[SAVED] /app/benchmark_results/20261004_010938_raw.csv
