=== poly9 ===
Corners: [0, 2, 5, 6, 11, 12, 13, 17, 18, 19, 24, 27, 29, 30, 31, 34, 35]
KER coverage computed in 0.30s
Total: 17 corners — [0, 2, 5, 6, 11, 12, 13, 17, 18, 19, 24, 27, 29, 30, 31, 34, 35]
[INFO] ILP cover: 7/1477 candidates (13 after domination pre-processing).
Set cover solved in 0.009s (7 guards selected)
  0%|          | 0/5 [00:00<?, ?it/s]100%|██████████| 5/5 [00:00<00:00, 501.93it/s]
[INFO] Geodesic graph built.
[OK] Coverage sanity check passed: guard set covers 100.0000% of the environment (uncovered area 0.0000 sq units).
[CACHE] Saved.
[SKEL] Building Voronoi skeleton…
[SKEL] 419 nodes, 408 edges
[GROUPS] affinity loaded from cache.
[GROUPS] affinity loaded from cache.
[GROUPS] using stored refined partition for k=2.
[GROUPS] affinity loaded from cache.
[GROUPS] using stored refined partition for k=3.
  k=1 partition: [[0, 2, 5, 6, 11, 12, 13, 17, 18, 19, 24, 27, 29, 30, 31, 34, 35]]
  k=2 partition: [[0, 2, 5, 18, 19, 24], [6, 11, 12, 13, 17, 27, 29, 30, 31, 34, 35]]
  k=3 partition: [[0, 2, 5], [6, 11, 12, 13, 17, 27, 30, 31, 34, 35], [18, 19, 24, 29]]
  corner standoff for sampled configurations: 2.1 units
  oracle k=1 m=1: s*=1.468  p95=1.247  mean=0.873  (50 configs, 7s)
  oracle k=2 m=1: s*=1.077  p95=1.041  mean=0.777  (50 configs, 16s)
  oracle k=3 m=1: s*=0.911  p95=0.831  mean=0.581  (50 configs, 24s)
  trials 10/150 (120s)
  trials 20/150 (151s)
  trials 30/150 (244s)
  trials 40/150 (280s)
  trials 50/150 (376s)
  trials 60/150 (427s)
  trials 70/150 (481s)
  trials 80/150 (567s)
  trials 90/150 (628s)
  trials 100/150 (722s)
  trials 110/150 (765s)
  trials 120/150 (850s)
  trials 130/150 (933s)
  trials 140/150 (994s)
  trials 150/150 (1056s)

Polygon   k  m  s*_(k,m)     p95    mean
------------------------------------------
poly9     1  1     1.468   1.247   0.873
poly9     2  1     1.077   1.041   0.777
poly9     3  1     0.911   0.831   0.581

Polygon   k  m        mean α         α_max       %in view    N_breach    N_escape
----------------------------------------------------------------------------------
poly9     1  1     1.48±0.57     3.16±1.65   81.08±20.42%   0.00±0.00   1.00±1.09
poly9     2  1     0.97±0.21     1.49±0.49   95.63±12.13%   0.00±0.00   0.24±0.72
poly9     3  1     0.78±0.19     1.43±0.56   91.86±12.00%   0.00±0.00   0.54±0.81

oracle: worst / p95 / mean team alpha over 50 sampled m-evader configurations (corner standoff as printed), L_c = min over evaders; trials: 50 seeds x 600 frames, s_p=0.8, s_e=1.0, skeleton evaders.

[SAVED] /app/benchmark_results/20261004_022908_multi_evader.txt / .json
