=== poly9 ===
Corners: [0, 2, 5, 6, 11, 12, 13, 17, 18, 19, 24, 27, 29, 30, 31, 34, 35]
KER coverage computed in 0.29s
Total: 17 corners — [0, 2, 5, 6, 11, 12, 13, 17, 18, 19, 24, 27, 29, 30, 31, 34, 35]
[INFO] ILP cover: 7/1477 candidates (13 after domination pre-processing).
Set cover solved in 0.008s (7 guards selected)
  0%|          | 0/5 [00:00<?, ?it/s]100%|██████████| 5/5 [00:00<00:00, 505.03it/s]
[INFO] Geodesic graph built.
[OK] Coverage sanity check passed: guard set covers 100.0000% of the environment (uncovered area 0.0000 sq units).
[CACHE] Saved.
[SKEL] Building Voronoi skeleton…
[SKEL] 419 nodes, 408 edges
[GROUPS] affinity loaded from cache.
[GROUPS] affinity loaded from cache.
[GROUPS] using stored refined partition for k=2.
[GROUPS] affinity loaded from cache.
[GROUPS] using stored refined partition for k=3.
  k=1 partition: [[0, 2, 5, 6, 11, 12, 13, 17, 18, 19, 24, 27, 29, 30, 31, 34, 35]]
  k=2 partition: [[0, 2, 5, 18, 19, 24], [6, 11, 12, 13, 17, 27, 29, 30, 31, 34, 35]]
  k=3 partition: [[0, 2, 5], [6, 11, 12, 13, 17, 27, 30, 31, 34, 35], [18, 19, 24, 29]]
  corner standoff for sampled configurations: 2.1 units
  oracle k=1 m=1: s*=1.468  p95=1.247  mean=0.873  (50 configs, 7s)
  oracle k=2 m=1: s*=1.077  p95=1.041  mean=0.777  (50 configs, 15s)
  oracle k=3 m=1: s*=0.911  p95=0.831  mean=0.581  (50 configs, 24s)
  trials 10/150 (126s)
  trials 20/150 (142s)
  trials 30/150 (251s)
  trials 40/150 (286s)
  trials 50/150 (363s)
  trials 60/150 (434s)
  trials 70/150 (495s)
  trials 80/150 (576s)
  trials 90/150 (640s)
  trials 100/150 (727s)
  trials 110/150 (796s)
  trials 120/150 (840s)
  trials 130/150 (951s)
  trials 140/150 (999s)
  trials 150/150 (1074s)

Polygon   k  m  s*_(k,m)     p95    mean
------------------------------------------
poly9     1  1     1.468   1.247   0.873
poly9     2  1     1.077   1.041   0.777
poly9     3  1     0.911   0.831   0.581

Polygon   k  m        mean α         α_max       %in view    N_breach    N_escape
----------------------------------------------------------------------------------
poly9     1  1     1.20±0.37     2.68±2.20   88.75±15.69%   0.00±0.00   0.70±0.95
poly9     2  1     0.91±0.16     1.34±0.42   95.88±11.08%   0.00±0.00   0.24±0.72
poly9     3  1     0.71±0.14     1.26±0.46   92.64±13.07%   0.00±0.00   0.44±0.84

oracle: worst / p95 / mean team alpha over 50 sampled m-evader configurations (corner standoff as printed), L_c = min over evaders; trials: 50 seeds x 600 frames, s_p=1.4, s_e=1.0, skeleton evaders.

[SAVED] /app/benchmark_results/20261004_032315_multi_evader.txt / .json
