=== poly9 ===
Corners: [0, 2, 5, 6, 11, 12, 13, 17, 18, 19, 24, 27, 29, 30, 31, 34, 35]
KER coverage computed in 0.29s
Total: 17 corners — [0, 2, 5, 6, 11, 12, 13, 17, 18, 19, 24, 27, 29, 30, 31, 34, 35]
[INFO] ILP cover: 7/1477 candidates (13 after domination pre-processing).
Set cover solved in 0.008s (7 guards selected)
  0%|          | 0/5 [00:00<?, ?it/s]100%|██████████| 5/5 [00:00<00:00, 497.90it/s]
[INFO] Geodesic graph built.
[OK] Coverage sanity check passed: guard set covers 100.0000% of the environment (uncovered area 0.0000 sq units).
[CACHE] Saved.
[SKEL] Building Voronoi skeleton…
[SKEL] 419 nodes, 408 edges
[GROUPS] affinity loaded from cache.
[GROUPS] affinity loaded from cache.
[GROUPS] using stored refined partition for k=2.
[GROUPS] affinity loaded from cache.
[GROUPS] using stored refined partition for k=3.
  k=1 partition: [[0, 2, 5, 6, 11, 12, 13, 17, 18, 19, 24, 27, 29, 30, 31, 34, 35]]
  k=2 partition: [[0, 2, 5, 18, 19, 24], [6, 11, 12, 13, 17, 27, 29, 30, 31, 34, 35]]
  k=3 partition: [[0, 2, 5], [6, 11, 12, 13, 17, 27, 30, 31, 34, 35], [18, 19, 24, 29]]
  corner standoff for sampled configurations: 2.1 units
  oracle k=1 m=1: s*=1.468  p95=1.247  mean=0.873  (50 configs, 7s)
  oracle k=2 m=1: s*=1.077  p95=1.041  mean=0.777  (50 configs, 16s)
  oracle k=3 m=1: s*=0.911  p95=0.831  mean=0.581  (50 configs, 25s)
  trials 10/150 (124s)
  trials 20/150 (151s)
  trials 30/150 (243s)
  trials 40/150 (298s)
  trials 50/150 (357s)
  trials 60/150 (442s)
  trials 70/150 (487s)
  trials 80/150 (568s)
  trials 90/150 (629s)
  trials 100/150 (725s)
  trials 110/150 (776s)
  trials 120/150 (863s)
  trials 130/150 (928s)
  trials 140/150 (999s)
  trials 150/150 (1054s)

Polygon   k  m  s*_(k,m)     p95    mean
------------------------------------------
poly9     1  1     1.468   1.247   0.873
poly9     2  1     1.077   1.041   0.777
poly9     3  1     0.911   0.831   0.581

Polygon   k  m        mean α         α_max       %in view    N_breach    N_escape
----------------------------------------------------------------------------------
poly9     1  1     1.21±0.37     2.78±2.04   88.82±14.75%   0.00±0.00   0.78±1.04
poly9     2  1     0.91±0.15     1.32±0.40   96.00±10.92%   0.00±0.00   0.24±0.69
poly9     3  1     0.70±0.13     1.19±0.39   93.11±11.54%   0.00±0.00   0.44±0.76

oracle: worst / p95 / mean team alpha over 50 sampled m-evader configurations (corner standoff as printed), L_c = min over evaders; trials: 50 seeds x 600 frames, s_p=1.6, s_e=1.0, skeleton evaders.

[SAVED] /app/benchmark_results/20261004_034116_multi_evader.txt / .json
